using Pyro.Network;

namespace MyNamespace.Agent {
    interface IFooAgent : IAgentBase {
        string Name { get; set; }
        
        int Sum(int a, int b);
    }
}
